[33mWARN[0m[2026-05-28 21:57:01] not enable search                            
[36mINFO[0m[2026-05-28 21:57:01] closing db                                   
[33mWARN[0m[2026-05-28 21:57:02] not enable search                            
[36mINFO[0m[2026-05-28 21:57:02] closing db                                   
[33mWARN[0m[2026-05-28 21:57:07] not enable search                            
[GIN] 2026/05/28 - 21:57:20 | 200 |    2.269493ms |             ::1 | GET      "/alist/api/public/settings"
[GIN] 2026/05/28 - 21:57:20 | 200 |  140.073752ms |             ::1 | POST     "/alist/api/auth/login"
[31mERRO[0m[2026-05-28 21:57:20] failed list /: storage not found; please add a storage first
failed get storage 
[GIN] 2026/05/28 - 21:57:20 | 200 |    27.85589ms |             ::1 | POST     "/alist/api/fs/list"
[GIN] 2026/05/28 - 21:57:28 | 200 |     246.007µs |             ::1 | GET      "/alist/api/public/settings"
[GIN] 2026/05/28 - 21:57:28 | 200 |    1.204319ms |             ::1 | POST     "/alist/api/auth/login"
[GIN] 2026/05/28 - 21:57:28 | 200 |    1.038097ms |             ::1 | POST     "/alist/api/auth/login"
[31mERRO[0m[2026-05-28 21:57:28] failed list /: storage not found; please add a storage first
failed get storage 
[GIN] 2026/05/28 - 21:57:28 | 200 |    1.150695ms |             ::1 | POST     "/alist/api/fs/list"
[GIN] 2026/05/28 - 21:57:39 | 200 |     229.241µs |             ::1 | GET      "/alist/api/public/settings"
[GIN] 2026/05/28 - 21:57:39 | 200 |    1.048241ms |             ::1 | POST     "/alist/api/auth/login"
[GIN] 2026/05/28 - 21:57:39 | 200 |    1.177636ms |             ::1 | POST     "/alist/api/auth/login"
[31mERRO[0m[2026-05-28 21:57:39] failed list /: storage not found; please add a storage first
failed get storage 
[GIN] 2026/05/28 - 21:57:39 | 200 |    1.659999ms |             ::1 | POST     "/alist/api/fs/list"
[GIN] 2026/05/28 - 21:57:53 | 200 |      211.86µs |             ::1 | GET      "/alist/api/public/settings"
[GIN] 2026/05/28 - 21:57:53 | 200 |    1.291565ms |             ::1 | POST     "/alist/api/auth/login"
[GIN] 2026/05/28 - 21:57:53 | 200 |      921.83µs |             ::1 | POST     "/alist/api/auth/login"
[31mERRO[0m[2026-05-28 21:57:53] failed list /: storage not found; please add a storage first
failed get storage 
[GIN] 2026/05/28 - 21:57:53 | 200 |    1.568719ms |             ::1 | POST     "/alist/api/fs/list"
[GIN] 2026/05/28 - 22:02:22 | 200 |  129.074655ms |             ::1 | GET      "/alist/api/public/settings"
[GIN] 2026/05/28 - 22:02:22 | 200 |  496.557516ms |             ::1 | POST     "/alist/api/auth/login"
[31mERRO[0m[2026-05-28 22:02:23] failed list /: storage not found; please add a storage first
failed get storage 
[GIN] 2026/05/28 - 22:02:23 | 200 |   161.39736ms |             ::1 | POST     "/alist/api/fs/list"
[GIN] 2026/05/28 - 22:07:23 | 200 |     297.224µs |             ::1 | GET      "/alist/api/public/settings"
[GIN] 2026/05/28 - 22:07:23 | 200 |   42.762418ms |             ::1 | POST     "/alist/api/auth/login"
[31mERRO[0m[2026-05-28 22:07:23] failed list /: storage not found; please add a storage first
failed get storage 
[GIN] 2026/05/28 - 22:07:23 | 200 |     3.57603ms |             ::1 | POST     "/alist/api/fs/list"
[GIN] 2026/05/28 - 22:08:42 | 200 |     320.785µs |             ::1 | GET      "/alist/api/public/settings"
[GIN] 2026/05/28 - 22:08:43 | 200 |    2.338223ms |             ::1 | POST     "/alist/api/auth/login"
[GIN] 2026/05/28 - 22:08:43 | 200 |     2.76596ms |             ::1 | POST     "/alist/api/auth/login"
[31mERRO[0m[2026-05-28 22:08:43] failed list /: storage not found; please add a storage first
failed get storage 
[GIN] 2026/05/28 - 22:08:43 | 200 |    2.195139ms |             ::1 | POST     "/alist/api/fs/list"
[GIN] 2026/05/28 - 22:12:23 | 200 |     279.727µs |             ::1 | GET      "/alist/api/public/settings"
[GIN] 2026/05/28 - 22:12:23 | 200 |    2.420739ms |             ::1 | POST     "/alist/api/auth/login"
[31mERRO[0m[2026-05-28 22:12:23] failed list /: storage not found; please add a storage first
failed get storage 
[GIN] 2026/05/28 - 22:12:23 | 200 |   27.352586ms |             ::1 | POST     "/alist/api/fs/list"
[GIN] 2026/05/28 - 22:17:23 | 200 |     271.268µs |             ::1 | GET      "/alist/api/public/settings"
[GIN] 2026/05/28 - 22:17:23 | 200 |    1.421315ms |             ::1 | POST     "/alist/api/auth/login"
[31mERRO[0m[2026-05-28 22:17:23] failed list /: storage not found; please add a storage first
failed get storage 
[GIN] 2026/05/28 - 22:17:23 | 200 |  236.038086ms |             ::1 | POST     "/alist/api/fs/list"
[33mWARN[0m[2026-05-28 22:24:46] not enable search                            
[36mINFO[0m[2026-05-28 22:24:46] closing db                                   
[33mWARN[0m[2026-05-28 22:24:51] not enable search                            
[GIN] 2026/05/28 - 22:25:07 | 200 |    2.430777ms |             ::1 | GET      "/alist/api/public/settings"
[GIN] 2026/05/28 - 22:25:07 | 200 |  117.214226ms |             ::1 | POST     "/alist/api/auth/login"
[31mERRO[0m[2026-05-28 22:25:07] failed list /: storage not found; please add a storage first
failed get storage 
[GIN] 2026/05/28 - 22:25:07 | 200 |   27.135242ms |             ::1 | POST     "/alist/api/fs/list"
[GIN] 2026/05/28 - 22:25:23 | 200 |     332.049µs |             ::1 | GET      "/alist/api/public/settings"
[GIN] 2026/05/28 - 22:25:23 | 200 |    1.129027ms |             ::1 | POST     "/alist/api/auth/login"
[GIN] 2026/05/28 - 22:25:23 | 200 |     673.514µs |             ::1 | POST     "/alist/api/auth/login"
[31mERRO[0m[2026-05-28 22:25:23] failed list /: storage not found; please add a storage first
failed get storage 
[GIN] 2026/05/28 - 22:25:23 | 200 |    1.322443ms |             ::1 | POST     "/alist/api/fs/list"
[GIN] 2026/05/28 - 22:25:49 | 200 |  651.490408ms |    144.24.86.43 | GET      "/alist/"
[GIN] 2026/05/28 - 22:25:51 | 200 |  936.961998ms |    144.24.86.43 | GET      "/alist/static/manifest.json"
[GIN] 2026/05/28 - 22:25:52 | 200 |  2.293997025s |    144.24.86.43 | GET      "/alist/assets/index-b206f97b.css"
[GIN] 2026/05/28 - 22:25:53 | 200 |  2.933773918s |    144.24.86.43 | GET      "/alist/assets/index-30796200.js"
[GIN] 2026/05/28 - 22:25:54 | 200 |     253.643µs |    144.24.86.43 | GET      "/alist/api/public/settings"
[GIN] 2026/05/28 - 22:25:54 | 200 |  651.048742ms |    144.24.86.43 | GET      "/alist/api/public/archive_extensions"
[GIN] 2026/05/28 - 22:25:54 | 200 |  490.848095ms |    144.24.86.43 | GET      "/alist/assets/entry-335a6221.js"
[GIN] 2026/05/28 - 22:25:55 | 200 |   344.25257ms |    144.24.86.43 | GET      "/alist/api/me"
[GIN] 2026/05/28 - 22:25:56 | 200 |   96.466681ms |    144.24.86.43 | GET      "/alist/assets/index-b27d534d.js"
[GIN] 2026/05/28 - 22:25:56 | 200 |   90.383597ms |    144.24.86.43 | GET      "/alist/assets/useTitle-d4d369fd.js"
[GIN] 2026/05/28 - 22:25:56 | 200 |  175.289642ms |    144.24.86.43 | GET      "/alist/assets/webauthn-json.browser-ponyfill-f2f06d6e.js"
[GIN] 2026/05/28 - 22:25:56 | 200 |     181.295µs |    144.24.86.43 | GET      "/alist/api/public/settings"
[GIN] 2026/05/28 - 22:26:09 | 200 |   92.466898ms |    144.24.86.43 | POST     "/alist/api/auth/login/hash"
[GIN] 2026/05/28 - 22:26:10 | 200 |  404.557683ms |    144.24.86.43 | GET      "/alist/api/me"
[GIN] 2026/05/28 - 22:26:10 | 200 |   32.259807ms |    144.24.86.43 | GET      "/alist/assets/layout-3c14b466.js"
[GIN] 2026/05/28 - 22:26:10 | 200 |   44.489765ms |    144.24.86.43 | GET      "/alist/assets/index-13579557.js"
[GIN] 2026/05/28 - 22:26:10 | 200 |  103.525481ms |    144.24.86.43 | GET      "/alist/assets/Layout-afde6516.js"
[GIN] 2026/05/28 - 22:26:11 | 200 |    1.487516ms |    144.24.86.43 | GET      "/alist/assets/index-bf86b89f.js"
[GIN] 2026/05/28 - 22:26:11 | 200 |   51.296879ms |    144.24.86.43 | GET      "/alist/assets/FolderTree-8ca9460c.js"
[GIN] 2026/05/28 - 22:26:11 | 200 |     840.042µs |    144.24.86.43 | GET      "/alist/assets/index-8ec16ba7.js"
[GIN] 2026/05/28 - 22:26:11 | 200 |    2.412422ms |    144.24.86.43 | GET      "/alist/assets/index-0f8a1c1b.js"
[GIN] 2026/05/28 - 22:26:11 | 200 |   44.792773ms |    144.24.86.43 | GET      "/alist/assets/index-1e06256f.js"
[GIN] 2026/05/28 - 22:26:11 | 200 |    7.823473ms |    144.24.86.43 | GET      "/alist/assets/_commonjs-dynamic-modules-302442b1.js"
[GIN] 2026/05/28 - 22:26:11 | 200 |    7.939942ms |    144.24.86.43 | GET      "/alist/assets/storage-class-1ac53f89.js"
[31mERRO[0m[2026-05-28 22:26:12] failed list /: storage not found; please add a storage first
failed get storage 
[GIN] 2026/05/28 - 22:26:12 | 200 |    6.325542ms |    144.24.86.43 | POST     "/alist/api/fs/list"
[GIN] 2026/05/28 - 22:26:12 | 200 |   89.121866ms |    144.24.86.43 | GET      "/alist/images/new_icon.png"
[GIN] 2026/05/28 - 22:26:13 | 200 |  982.709133ms |    144.24.86.43 | GET      "/alist/api/label/list"
[GIN] 2026/05/28 - 22:26:13 | 200 |  1.281636309s |    144.24.86.43 | GET      "/alist/api/public/offline_download_tools"
[GIN] 2026/05/28 - 22:26:29 | 200 |   14.315563ms |    144.24.86.43 | GET      "/alist/api/me"
[GIN] 2026/05/28 - 22:26:29 | 200 |   19.336304ms |    144.24.86.43 | GET      "/alist/assets/index-a21b85c6.js"
[GIN] 2026/05/28 - 22:26:30 | 200 |   32.148509ms |    144.24.86.43 | GET      "/alist/assets/DeletePopover-6167565d.js"
[GIN] 2026/05/28 - 22:26:30 | 200 |    37.35808ms |    144.24.86.43 | GET      "/alist/assets/Storages-998341be.js"
[GIN] 2026/05/28 - 22:26:30 | 200 |   16.630674ms |    144.24.86.43 | GET      "/alist/api/admin/driver/names"
[GIN] 2026/05/28 - 22:26:31 | 200 |  367.275673ms |    144.24.86.43 | GET      "/alist/api/admin/storage/list"
[GIN] 2026/05/28 - 22:26:36 | 200 |     233.691µs |             ::1 | GET      "/alist/api/public/settings"
[GIN] 2026/05/28 - 22:26:36 | 200 |    1.330563ms |             ::1 | POST     "/alist/api/auth/login"
[GIN] 2026/05/28 - 22:26:36 | 200 |    1.100496ms |             ::1 | POST     "/alist/api/auth/login"
[31mERRO[0m[2026-05-28 22:26:36] failed list /: storage not found; please add a storage first
failed get storage 
[GIN] 2026/05/28 - 22:26:36 | 200 |    2.159037ms |             ::1 | POST     "/alist/api/fs/list"
[GIN] 2026/05/28 - 22:28:12 | 200 |    6.563413ms |             ::1 | GET      "/alist/api/public/settings"
[GIN] 2026/05/28 - 22:28:12 | 200 |  118.639872ms |             ::1 | POST     "/alist/api/auth/login"
[GIN] 2026/05/28 - 22:28:12 | 200 |   23.803148ms |             ::1 | POST     "/alist/api/auth/login"
[31mERRO[0m[2026-05-28 22:28:12] failed list /: storage not found; please add a storage first
failed get storage 
[GIN] 2026/05/28 - 22:28:12 | 200 |   36.804127ms |             ::1 | POST     "/alist/api/fs/list"
[GIN] 2026/05/28 - 22:30:08 | 200 |     202.829µs |             ::1 | GET      "/alist/api/public/settings"
[GIN] 2026/05/28 - 22:30:09 | 200 |    2.132978ms |             ::1 | POST     "/alist/api/auth/login"
[31mERRO[0m[2026-05-28 22:30:09] failed list /: storage not found; please add a storage first
failed get storage 
[GIN] 2026/05/28 - 22:30:09 | 200 |     1.79963ms |             ::1 | POST     "/alist/api/fs/list"
[GIN] 2026/05/28 - 22:35:09 | 200 |    9.318595ms |             ::1 | GET      "/alist/api/public/settings"
[GIN] 2026/05/28 - 22:35:09 | 200 |   102.37126ms |             ::1 | POST     "/alist/api/auth/login"
[31mERRO[0m[2026-05-28 22:35:09] failed list /: storage not found; please add a storage first
failed get storage 
[GIN] 2026/05/28 - 22:35:09 | 200 |   77.359119ms |             ::1 | POST     "/alist/api/fs/list"
[GIN] 2026/05/28 - 22:40:09 | 200 |     287.547µs |             ::1 | GET      "/alist/api/public/settings"
[GIN] 2026/05/28 - 22:40:09 | 200 |   72.788591ms |             ::1 | POST     "/alist/api/auth/login"
[31mERRO[0m[2026-05-28 22:40:09] failed list /: storage not found; please add a storage first
failed get storage 
[GIN] 2026/05/28 - 22:40:09 | 200 |    2.035044ms |             ::1 | POST     "/alist/api/fs/list"
[GIN] 2026/05/28 - 22:45:10 | 200 |   45.172608ms |             ::1 | GET      "/alist/api/public/settings"
[GIN] 2026/05/28 - 22:45:10 | 200 |    2.055077ms |             ::1 | POST     "/alist/api/auth/login"
[31mERRO[0m[2026-05-28 22:45:10] failed list /: storage not found; please add a storage first
failed get storage 
[GIN] 2026/05/28 - 22:45:10 | 200 |  205.837695ms |             ::1 | POST     "/alist/api/fs/list"
[GIN] 2026/05/28 - 22:46:04 | 200 |   16.979776ms |             ::1 | GET      "/alist/api/public/settings"
[GIN] 2026/05/28 - 22:46:04 | 200 |    63.95221ms |             ::1 | POST     "/alist/api/auth/login"
[GIN] 2026/05/28 - 22:46:04 | 200 |    3.114875ms |             ::1 | POST     "/alist/api/auth/login"
[31mERRO[0m[2026-05-28 22:46:04] failed list /: storage not found; please add a storage first
failed get storage 
[GIN] 2026/05/28 - 22:46:04 | 200 |   10.120961ms |             ::1 | POST     "/alist/api/fs/list"
[GIN] 2026/05/28 - 22:50:10 | 200 |     310.049µs |             ::1 | GET      "/alist/api/public/settings"
[GIN] 2026/05/28 - 22:50:10 | 200 |     2.40038ms |             ::1 | POST     "/alist/api/auth/login"
[31mERRO[0m[2026-05-28 22:50:10] failed list /: storage not found; please add a storage first
failed get storage 
[GIN] 2026/05/28 - 22:50:10 | 200 |    2.111109ms |             ::1 | POST     "/alist/api/fs/list"
[GIN] 2026/05/28 - 22:55:11 | 200 |   101.58668ms |             ::1 | GET      "/alist/api/public/settings"
[GIN] 2026/05/28 - 22:55:11 | 200 |   72.763884ms |             ::1 | POST     "/alist/api/auth/login"
[31mERRO[0m[2026-05-28 22:55:11] failed list /: storage not found; please add a storage first
failed get storage 
[GIN] 2026/05/28 - 22:55:11 | 200 |  192.533362ms |             ::1 | POST     "/alist/api/fs/list"
[GIN] 2026/05/28 - 23:00:11 | 200 |     374.063µs |             ::1 | GET      "/alist/api/public/settings"
[GIN] 2026/05/28 - 23:00:11 | 200 |    1.780722ms |             ::1 | POST     "/alist/api/auth/login"
[31mERRO[0m[2026-05-28 23:00:11] failed list /: storage not found; please add a storage first
failed get storage 
[GIN] 2026/05/28 - 23:00:11 | 200 |   89.944254ms |             ::1 | POST     "/alist/api/fs/list"
[GIN] 2026/05/28 - 23:05:11 | 200 |     357.598µs |             ::1 | GET      "/alist/api/public/settings"
[GIN] 2026/05/28 - 23:05:11 | 200 |    2.453164ms |             ::1 | POST     "/alist/api/auth/login"
[31mERRO[0m[2026-05-28 23:05:11] failed list /: storage not found; please add a storage first
failed get storage 
[GIN] 2026/05/28 - 23:05:11 | 200 |  132.114746ms |             ::1 | POST     "/alist/api/fs/list"
[GIN] 2026/05/28 - 23:09:10 | 200 |     435.312µs |             ::1 | GET      "/alist/api/public/settings"
[GIN] 2026/05/28 - 23:09:11 | 200 |     1.69418ms |             ::1 | POST     "/alist/api/auth/login"
[GIN] 2026/05/28 - 23:09:11 | 200 |    1.603974ms |             ::1 | POST     "/alist/api/auth/login"
[31mERRO[0m[2026-05-28 23:09:11] failed list /: storage not found; please add a storage first
failed get storage 
[GIN] 2026/05/28 - 23:09:11 | 200 |    2.200184ms |             ::1 | POST     "/alist/api/fs/list"
[GIN] 2026/05/28 - 23:09:17 | 200 |   58.590071ms |             ::1 | GET      "/alist/api/public/settings"
[GIN] 2026/05/28 - 23:09:17 | 200 |   37.036416ms |             ::1 | POST     "/alist/api/auth/login"
[GIN] 2026/05/28 - 23:09:17 | 200 |   14.498194ms |             ::1 | POST     "/alist/api/auth/login"
[31mERRO[0m[2026-05-28 23:09:17] failed list /: storage not found; please add a storage first
failed get storage 
[GIN] 2026/05/28 - 23:09:17 | 200 |    1.916299ms |             ::1 | POST     "/alist/api/fs/list"
[GIN] 2026/05/28 - 23:10:11 | 200 |  146.246132ms |             ::1 | GET      "/alist/api/public/settings"
[GIN] 2026/05/28 - 23:10:12 | 200 |  105.055899ms |             ::1 | POST     "/alist/api/auth/login"
[31mERRO[0m[2026-05-28 23:10:12] failed list /: storage not found; please add a storage first
failed get storage 
[GIN] 2026/05/28 - 23:10:12 | 200 |    1.568159ms |             ::1 | POST     "/alist/api/fs/list"
[GIN] 2026/05/28 - 23:15:12 | 200 |      445.05µs |             ::1 | GET      "/alist/api/public/settings"
[GIN] 2026/05/28 - 23:15:12 | 200 |  200.420716ms |             ::1 | POST     "/alist/api/auth/login"
[31mERRO[0m[2026-05-28 23:15:12] failed list /: storage not found; please add a storage first
failed get storage 
[GIN] 2026/05/28 - 23:15:12 | 200 |   45.255891ms |             ::1 | POST     "/alist/api/fs/list"
[GIN] 2026/05/28 - 23:18:26 | 200 |     359.994µs |             ::1 | GET      "/alist/api/public/settings"
[GIN] 2026/05/28 - 23:18:26 | 200 |   21.709283ms |             ::1 | POST     "/alist/api/auth/login"
[GIN] 2026/05/28 - 23:18:26 | 200 |     997.866µs |             ::1 | POST     "/alist/api/auth/login"
[31mERRO[0m[2026-05-28 23:18:26] failed list /: storage not found; please add a storage first
failed get storage 
[GIN] 2026/05/28 - 23:18:26 | 200 |    2.077357ms |             ::1 | POST     "/alist/api/fs/list"
[GIN] 2026/05/28 - 23:20:12 | 200 |   15.518159ms |             ::1 | GET      "/alist/api/public/settings"
[GIN] 2026/05/28 - 23:20:12 | 200 |     1.28912ms |             ::1 | POST     "/alist/api/auth/login"
[31mERRO[0m[2026-05-28 23:20:12] failed list /: storage not found; please add a storage first
failed get storage 
[GIN] 2026/05/28 - 23:20:12 | 200 |  233.147075ms |             ::1 | POST     "/alist/api/fs/list"
[GIN] 2026/05/28 - 23:22:52 | 200 |  183.197285ms |    144.24.86.43 | GET      "/alist/"
